{
    "time": {
        "start": 1.607359,
        "end": 1.607404,
        "total": 4.500000000007276e-5
    },
    "memory_usage": {
        "start": 25400640,
        "end": 25402024,
        "total": 1384
    }
}