{
    "time": {
        "start": 4.350688,
        "end": 7.353963,
        "total": 3.0032750000000004
    },
    "memory_usage": {
        "start": 25029952,
        "end": 25029952,
        "total": 0
    }
}