{
    "avg": 1.409076,
    "sum": 515.721816,
    "min": 1.395936,
    "max": 1.422216,
    "count": 366
}