{
    "avg": 0.9042462,
    "sum": 1323.8164368,
    "min": 0.2756016,
    "max": 1.404288,
    "count": 1464
}