{
    "avg": 0.9158994,
    "sum": 1340.8767216,
    "min": 0.2791872,
    "max": 1.422216,
    "count": 1464
}