{
    "avg": 1.391148,
    "sum": 509.160168,
    "min": 1.378008,
    "max": 1.404288,
    "count": 366
}